// Jest Snapshot v1, https://goo.gl/fbAQLP

exports[`<AddReviewModal /> matches snapshot 1`] = `
<styled.div>
  <h1>
    Featured Reviews
  </h1>
</styled.div>
`;
