// Jest Snapshot v1, https://goo.gl/fbAQLP

exports[`<GatedSignInComponent /> matches snapshot 1`] = `
<Fragment>
  <LoginForm />
</Fragment>
`;
