// Jest Snapshot v1, https://goo.gl/fbAQLP

exports[`<LandingPageComponent /> matches snapshot 1`] = `
<styled.div>
  <LandingNav />
  <MainContent />
</styled.div>
`;
