// Jest Snapshot v1, https://goo.gl/fbAQLP

exports[`<LoginComponent /> matches snapshot 1`] = `
<div>
  <NavBar />
  <styled.div>
    <GatedSignIn />
  </styled.div>
</div>
`;
