// Jest Snapshot v1, https://goo.gl/fbAQLP

exports[`<ModalComponent /> matches snapshot 1`] = `""`;

exports[`ModalComponent /> matches snapshot 1`] = `""`;
