// Jest Snapshot v1, https://goo.gl/fbAQLP

exports[`MyReviewsComponent /> matches snapshot 1`] = `
<styled.div>
  <h1 />
  <styled.div />
</styled.div>
`;
