// Jest Snapshot v1, https://goo.gl/fbAQLP

exports[`PopularReviewersComponent /> matches snapshot 1`] = `
<styled.div>
  <div
    id="Reviewers"
  />
  <h1>
    Popular Reviewers
  </h1>
</styled.div>
`;
