// Jest Snapshot v1, https://goo.gl/fbAQLP

exports[`ResetPasswordComponent /> matches snapshot 1`] = `
<div>
  <NavBar />
  <styled.div>
    <h1>
      Forgot your password?
    </h1>
    <form
      onSubmit={[Function]}
    >
      <label
        htmlFor="email"
      >
        Check Email:
      </label>
      <input
        name="email"
        onChange={[Function]}
        placeholder="Check your email see if it exists"
        type="text"
        value=""
      />
      <input
        type="submit"
        value="âž¤"
      />
    </form>
  </styled.div>
</div>
`;
