// Jest Snapshot v1, https://goo.gl/fbAQLP

exports[`UserUpdateFormComponent /> matches snapshot 1`] = `
<Route>
  <Component />
</Route>
`;
